* tests/cfgs/test-ff53.cfg
TeGndEs need carrY
sPec swing unit
shoe Ddozen Pulls
team Xlost TyrE
adam avoiD tougIh
bike pSlay sure
oWner sidEs OUTer
work gOing QbyteS
hobbY yeAH VAlue
threw warn like

* tests/cfgs/test-ft53.cfg
T7end8s8need5cARry
Whose2arise3cones
Tip4s67i5tch9fOur
basic9h0an6d0Y9group
ph4onE2named2hInt
green4socks4rid8es
HOLe9bArs2comes
solid8mes0s0dulls
next7nE9WS6ElIte
4rise3total7Hen9ce

* tests/cfgs/test-tt62.cfg
chose,n>(te)nds
sW,Im~sT'aTe
makes`coMb?o
mO^st`ethniC
bOgs?hi.nt
~though+sUp>pl:y
reAmed*G\ReaSe
ontO^|sure
hid]e$Ch}e>ap
r%iMs[b-Loc}k

